/Users/aidancasimir/dev/projects/UWB_firstpath_RIDE_F26/DW3_QM33_SDK_1/Drivers/API/Shared/dwt_uwb_driver/deca_compat.c:63:9:dwt_probe	48	static
/Users/aidancasimir/dev/projects/UWB_firstpath_RIDE_F26/DW3_QM33_SDK_1/Drivers/API/Shared/dwt_uwb_driver/deca_compat.c:129:18:dwt_update_dw	24	static
/Users/aidancasimir/dev/projects/UWB_firstpath_RIDE_F26/DW3_QM33_SDK_1/Drivers/API/Shared/dwt_uwb_driver/deca_compat.c:140:9:dwt_apiversion	4	static
/Users/aidancasimir/dev/projects/UWB_firstpath_RIDE_F26/DW3_QM33_SDK_1/Drivers/API/Shared/dwt_uwb_driver/deca_compat.c:145:13:dwt_version_string	4	static
/Users/aidancasimir/dev/projects/UWB_firstpath_RIDE_F26/DW3_QM33_SDK_1/Drivers/API/Shared/dwt_uwb_driver/deca_compat.c:150:9:dwt_geticrefvolt	24	static
/Users/aidancasimir/dev/projects/UWB_firstpath_RIDE_F26/DW3_QM33_SDK_1/Drivers/API/Shared/dwt_uwb_driver/deca_compat.c:157:9:dwt_geticreftemp	24	static
/Users/aidancasimir/dev/projects/UWB_firstpath_RIDE_F26/DW3_QM33_SDK_1/Drivers/API/Shared/dwt_uwb_driver/deca_compat.c:164:10:dwt_getpartid	24	static
/Users/aidancasimir/dev/projects/UWB_firstpath_RIDE_F26/DW3_QM33_SDK_1/Drivers/API/Shared/dwt_uwb_driver/deca_compat.c:171:10:dwt_getlotid	24	static
/Users/aidancasimir/dev/projects/UWB_firstpath_RIDE_F26/DW3_QM33_SDK_1/Drivers/API/Shared/dwt_uwb_driver/deca_compat.c:178:10:dwt_readdevid	24	static
/Users/aidancasimir/dev/projects/UWB_firstpath_RIDE_F26/DW3_QM33_SDK_1/Drivers/API/Shared/dwt_uwb_driver/deca_compat.c:185:9:dwt_otprevision	24	static
/Users/aidancasimir/dev/projects/UWB_firstpath_RIDE_F26/DW3_QM33_SDK_1/Drivers/API/Shared/dwt_uwb_driver/deca_compat.c:192:6:dwt_setpllcaltemperature	24	static
/Users/aidancasimir/dev/projects/UWB_firstpath_RIDE_F26/DW3_QM33_SDK_1/Drivers/API/Shared/dwt_uwb_driver/deca_compat.c:197:8:dwt_getpllcaltemperature	24	static
/Users/aidancasimir/dev/projects/UWB_firstpath_RIDE_F26/DW3_QM33_SDK_1/Drivers/API/Shared/dwt_uwb_driver/deca_compat.c:204:6:dwt_setfinegraintxseq	24	static
/Users/aidancasimir/dev/projects/UWB_firstpath_RIDE_F26/DW3_QM33_SDK_1/Drivers/API/Shared/dwt_uwb_driver/deca_compat.c:209:6:dwt_setlnapamode	24	static
/Users/aidancasimir/dev/projects/UWB_firstpath_RIDE_F26/DW3_QM33_SDK_1/Drivers/API/Shared/dwt_uwb_driver/deca_compat.c:214:6:dwt_setgpiomode	32	static
/Users/aidancasimir/dev/projects/UWB_firstpath_RIDE_F26/DW3_QM33_SDK_1/Drivers/API/Shared/dwt_uwb_driver/deca_compat.c:220:6:dwt_setgpiodir	24	static
/Users/aidancasimir/dev/projects/UWB_firstpath_RIDE_F26/DW3_QM33_SDK_1/Drivers/API/Shared/dwt_uwb_driver/deca_compat.c:225:6:dwt_getgpiodir	24	static
/Users/aidancasimir/dev/projects/UWB_firstpath_RIDE_F26/DW3_QM33_SDK_1/Drivers/API/Shared/dwt_uwb_driver/deca_compat.c:230:6:dwt_setgpiovalue	32	static
/Users/aidancasimir/dev/projects/UWB_firstpath_RIDE_F26/DW3_QM33_SDK_1/Drivers/API/Shared/dwt_uwb_driver/deca_compat.c:236:10:dwt_readgpiovalue	24	static
/Users/aidancasimir/dev/projects/UWB_firstpath_RIDE_F26/DW3_QM33_SDK_1/Drivers/API/Shared/dwt_uwb_driver/deca_compat.c:243:9:dwt_initialise	16	static
/Users/aidancasimir/dev/projects/UWB_firstpath_RIDE_F26/DW3_QM33_SDK_1/Drivers/API/Shared/dwt_uwb_driver/deca_compat.c:248:5:dwt_setdwstate	24	static
/Users/aidancasimir/dev/projects/UWB_firstpath_RIDE_F26/DW3_QM33_SDK_1/Drivers/API/Shared/dwt_uwb_driver/deca_compat.c:253:6:dwt_enablegpioclocks	16	static
/Users/aidancasimir/dev/projects/UWB_firstpath_RIDE_F26/DW3_QM33_SDK_1/Drivers/API/Shared/dwt_uwb_driver/deca_compat.c:258:9:dwt_restoreconfig	24	static
/Users/aidancasimir/dev/projects/UWB_firstpath_RIDE_F26/DW3_QM33_SDK_1/Drivers/API/Shared/dwt_uwb_driver/deca_compat.c:263:6:dwt_restore_common	16	static
/Users/aidancasimir/dev/projects/UWB_firstpath_RIDE_F26/DW3_QM33_SDK_1/Drivers/API/Shared/dwt_uwb_driver/deca_compat.c:268:9:dwt_restore_txrx	24	static
/Users/aidancasimir/dev/projects/UWB_firstpath_RIDE_F26/DW3_QM33_SDK_1/Drivers/API/Shared/dwt_uwb_driver/deca_compat.c:273:6:dwt_configurestsmode	24	static
/Users/aidancasimir/dev/projects/UWB_firstpath_RIDE_F26/DW3_QM33_SDK_1/Drivers/API/Shared/dwt_uwb_driver/deca_compat.c:278:9:dwt_configure	16	static
/Users/aidancasimir/dev/projects/UWB_firstpath_RIDE_F26/DW3_QM33_SDK_1/Drivers/API/Shared/dwt_uwb_driver/deca_compat.c:283:6:dwt_settxpower	24	static
/Users/aidancasimir/dev/projects/UWB_firstpath_RIDE_F26/DW3_QM33_SDK_1/Drivers/API/Shared/dwt_uwb_driver/deca_compat.c:288:6:dwt_configuretxrf	16	static
/Users/aidancasimir/dev/projects/UWB_firstpath_RIDE_F26/DW3_QM33_SDK_1/Drivers/API/Shared/dwt_uwb_driver/deca_compat.c:293:6:dwt_configurestsloadiv	16	static
/Users/aidancasimir/dev/projects/UWB_firstpath_RIDE_F26/DW3_QM33_SDK_1/Drivers/API/Shared/dwt_uwb_driver/deca_compat.c:298:6:dwt_configmrxlut	24	static
/Users/aidancasimir/dev/projects/UWB_firstpath_RIDE_F26/DW3_QM33_SDK_1/Drivers/API/Shared/dwt_uwb_driver/deca_compat.c:303:6:dwt_configurestskey	24	static
/Users/aidancasimir/dev/projects/UWB_firstpath_RIDE_F26/DW3_QM33_SDK_1/Drivers/API/Shared/dwt_uwb_driver/deca_compat.c:308:6:dwt_configurestsiv	24	static
/Users/aidancasimir/dev/projects/UWB_firstpath_RIDE_F26/DW3_QM33_SDK_1/Drivers/API/Shared/dwt_uwb_driver/deca_compat.c:313:6:dwt_setrxantennadelay	24	static
/Users/aidancasimir/dev/projects/UWB_firstpath_RIDE_F26/DW3_QM33_SDK_1/Drivers/API/Shared/dwt_uwb_driver/deca_compat.c:318:10:dwt_getrxantennadelay	24	static
/Users/aidancasimir/dev/projects/UWB_firstpath_RIDE_F26/DW3_QM33_SDK_1/Drivers/API/Shared/dwt_uwb_driver/deca_compat.c:325:6:dwt_settxantennadelay	24	static
/Users/aidancasimir/dev/projects/UWB_firstpath_RIDE_F26/DW3_QM33_SDK_1/Drivers/API/Shared/dwt_uwb_driver/deca_compat.c:330:10:dwt_gettxantennadelay	24	static
/Users/aidancasimir/dev/projects/UWB_firstpath_RIDE_F26/DW3_QM33_SDK_1/Drivers/API/Shared/dwt_uwb_driver/deca_compat.c:337:9:dwt_writetxdata	24	static
/Users/aidancasimir/dev/projects/UWB_firstpath_RIDE_F26/DW3_QM33_SDK_1/Drivers/API/Shared/dwt_uwb_driver/deca_compat.c:342:6:dwt_writetxfctrl	24	static
/Users/aidancasimir/dev/projects/UWB_firstpath_RIDE_F26/DW3_QM33_SDK_1/Drivers/API/Shared/dwt_uwb_driver/deca_compat.c:347:9:dwt_setplenfine	24	static
/Users/aidancasimir/dev/projects/UWB_firstpath_RIDE_F26/DW3_QM33_SDK_1/Drivers/API/Shared/dwt_uwb_driver/deca_compat.c:352:5:dwt_setpllrxprebufen	24	static
/Users/aidancasimir/dev/projects/UWB_firstpath_RIDE_F26/DW3_QM33_SDK_1/Drivers/API/Shared/dwt_uwb_driver/deca_compat.c:357:9:dwt_starttx	24	static
/Users/aidancasimir/dev/projects/UWB_firstpath_RIDE_F26/DW3_QM33_SDK_1/Drivers/API/Shared/dwt_uwb_driver/deca_compat.c:362:6:dwt_setreferencetrxtime	24	static
/Users/aidancasimir/dev/projects/UWB_firstpath_RIDE_F26/DW3_QM33_SDK_1/Drivers/API/Shared/dwt_uwb_driver/deca_compat.c:367:6:dwt_setdelayedtrxtime	24	static
/Users/aidancasimir/dev/projects/UWB_firstpath_RIDE_F26/DW3_QM33_SDK_1/Drivers/API/Shared/dwt_uwb_driver/deca_compat.c:372:9:dwt_get_dgcdecision	24	static
/Users/aidancasimir/dev/projects/UWB_firstpath_RIDE_F26/DW3_QM33_SDK_1/Drivers/API/Shared/dwt_uwb_driver/deca_compat.c:379:6:dwt_readtxtimestamp	24	static
/Users/aidancasimir/dev/projects/UWB_firstpath_RIDE_F26/DW3_QM33_SDK_1/Drivers/API/Shared/dwt_uwb_driver/deca_compat.c:384:10:dwt_readtxtimestamphi32	24	static
/Users/aidancasimir/dev/projects/UWB_firstpath_RIDE_F26/DW3_QM33_SDK_1/Drivers/API/Shared/dwt_uwb_driver/deca_compat.c:391:10:dwt_readtxtimestamplo32	24	static
/Users/aidancasimir/dev/projects/UWB_firstpath_RIDE_F26/DW3_QM33_SDK_1/Drivers/API/Shared/dwt_uwb_driver/deca_compat.c:398:9:dwt_readpdoa	24	static
/Users/aidancasimir/dev/projects/UWB_firstpath_RIDE_F26/DW3_QM33_SDK_1/Drivers/API/Shared/dwt_uwb_driver/deca_compat.c:405:6:dwt_readtdoa	24	static
/Users/aidancasimir/dev/projects/UWB_firstpath_RIDE_F26/DW3_QM33_SDK_1/Drivers/API/Shared/dwt_uwb_driver/deca_compat.c:410:6:dwt_read_tdoa_pdoa	24	static
/Users/aidancasimir/dev/projects/UWB_firstpath_RIDE_F26/DW3_QM33_SDK_1/Drivers/API/Shared/dwt_uwb_driver/deca_compat.c:421:6:dwt_readrxtimestamp	16	static
/Users/aidancasimir/dev/projects/UWB_firstpath_RIDE_F26/DW3_QM33_SDK_1/Drivers/API/Shared/dwt_uwb_driver/deca_compat.c:427:6:dwt_readrxtimestampunadj	24	static
/Users/aidancasimir/dev/projects/UWB_firstpath_RIDE_F26/DW3_QM33_SDK_1/Drivers/API/Shared/dwt_uwb_driver/deca_compat.c:432:6:dwt_readrxtimestamp_ipatov	24	static
/Users/aidancasimir/dev/projects/UWB_firstpath_RIDE_F26/DW3_QM33_SDK_1/Drivers/API/Shared/dwt_uwb_driver/deca_compat.c:437:6:dwt_readrxtimestamp_sts	24	static
/Users/aidancasimir/dev/projects/UWB_firstpath_RIDE_F26/DW3_QM33_SDK_1/Drivers/API/Shared/dwt_uwb_driver/deca_compat.c:442:10:dwt_readrxtimestamphi32	24	static
/Users/aidancasimir/dev/projects/UWB_firstpath_RIDE_F26/DW3_QM33_SDK_1/Drivers/API/Shared/dwt_uwb_driver/deca_compat.c:449:10:dwt_readrxtimestamplo32	32	static
/Users/aidancasimir/dev/projects/UWB_firstpath_RIDE_F26/DW3_QM33_SDK_1/Drivers/API/Shared/dwt_uwb_driver/deca_compat.c:457:10:dwt_readsystimestamphi32	24	static
/Users/aidancasimir/dev/projects/UWB_firstpath_RIDE_F26/DW3_QM33_SDK_1/Drivers/API/Shared/dwt_uwb_driver/deca_compat.c:464:6:dwt_readsystime	24	static
/Users/aidancasimir/dev/projects/UWB_firstpath_RIDE_F26/DW3_QM33_SDK_1/Drivers/API/Shared/dwt_uwb_driver/deca_compat.c:469:6:dwt_forcetrxoff	16	static
/Users/aidancasimir/dev/projects/UWB_firstpath_RIDE_F26/DW3_QM33_SDK_1/Drivers/API/Shared/dwt_uwb_driver/deca_compat.c:474:9:dwt_rxenable	16	static
/Users/aidancasimir/dev/projects/UWB_firstpath_RIDE_F26/DW3_QM33_SDK_1/Drivers/API/Shared/dwt_uwb_driver/deca_compat.c:479:6:dwt_setsniffmode	32	static
/Users/aidancasimir/dev/projects/UWB_firstpath_RIDE_F26/DW3_QM33_SDK_1/Drivers/API/Shared/dwt_uwb_driver/deca_compat.c:486:6:dwt_setdblrxbuffmode	32	static
/Users/aidancasimir/dev/projects/UWB_firstpath_RIDE_F26/DW3_QM33_SDK_1/Drivers/API/Shared/dwt_uwb_driver/deca_compat.c:492:6:dwt_signal_rx_buff_free	16	static
/Users/aidancasimir/dev/projects/UWB_firstpath_RIDE_F26/DW3_QM33_SDK_1/Drivers/API/Shared/dwt_uwb_driver/deca_compat.c:497:6:dwt_setrxtimeout	24	static
/Users/aidancasimir/dev/projects/UWB_firstpath_RIDE_F26/DW3_QM33_SDK_1/Drivers/API/Shared/dwt_uwb_driver/deca_compat.c:502:6:dwt_setpreambledetecttimeout	24	static
/Users/aidancasimir/dev/projects/UWB_firstpath_RIDE_F26/DW3_QM33_SDK_1/Drivers/API/Shared/dwt_uwb_driver/deca_compat.c:507:10:dwt_calibratesleepcnt	24	static
/Users/aidancasimir/dev/projects/UWB_firstpath_RIDE_F26/DW3_QM33_SDK_1/Drivers/API/Shared/dwt_uwb_driver/deca_compat.c:514:6:dwt_configuresleepcnt	24	static
/Users/aidancasimir/dev/projects/UWB_firstpath_RIDE_F26/DW3_QM33_SDK_1/Drivers/API/Shared/dwt_uwb_driver/deca_compat.c:519:6:dwt_configuresleep	32	static
/Users/aidancasimir/dev/projects/UWB_firstpath_RIDE_F26/DW3_QM33_SDK_1/Drivers/API/Shared/dwt_uwb_driver/deca_compat.c:525:6:dwt_clearaonconfig	16	static
/Users/aidancasimir/dev/projects/UWB_firstpath_RIDE_F26/DW3_QM33_SDK_1/Drivers/API/Shared/dwt_uwb_driver/deca_compat.c:530:6:dwt_entersleep	24	static
/Users/aidancasimir/dev/projects/UWB_firstpath_RIDE_F26/DW3_QM33_SDK_1/Drivers/API/Shared/dwt_uwb_driver/deca_compat.c:535:6:dwt_entersleepaftertx	24	static
/Users/aidancasimir/dev/projects/UWB_firstpath_RIDE_F26/DW3_QM33_SDK_1/Drivers/API/Shared/dwt_uwb_driver/deca_compat.c:540:6:dwt_entersleepafter	24	static
/Users/aidancasimir/dev/projects/UWB_firstpath_RIDE_F26/DW3_QM33_SDK_1/Drivers/API/Shared/dwt_uwb_driver/deca_compat.c:545:6:dwt_setcallbacks	24	static
/Users/aidancasimir/dev/projects/UWB_firstpath_RIDE_F26/DW3_QM33_SDK_1/Drivers/API/Shared/dwt_uwb_driver/deca_compat.c:550:9:dwt_checkirq	24	static
/Users/aidancasimir/dev/projects/UWB_firstpath_RIDE_F26/DW3_QM33_SDK_1/Drivers/API/Shared/dwt_uwb_driver/deca_compat.c:557:9:dwt_checkidlerc	24	static
/Users/aidancasimir/dev/projects/UWB_firstpath_RIDE_F26/DW3_QM33_SDK_1/Drivers/API/Shared/dwt_uwb_driver/deca_compat.c:564:6:dwt_isr	8	static
/Users/aidancasimir/dev/projects/UWB_firstpath_RIDE_F26/DW3_QM33_SDK_1/Drivers/API/Shared/dwt_uwb_driver/deca_compat.c:576:6:dwt_setinterrupt	32	static
/Users/aidancasimir/dev/projects/UWB_firstpath_RIDE_F26/DW3_QM33_SDK_1/Drivers/API/Shared/dwt_uwb_driver/deca_compat.c:581:6:dwt_setpanid	24	static
/Users/aidancasimir/dev/projects/UWB_firstpath_RIDE_F26/DW3_QM33_SDK_1/Drivers/API/Shared/dwt_uwb_driver/deca_compat.c:586:6:dwt_setaddress16	24	static
/Users/aidancasimir/dev/projects/UWB_firstpath_RIDE_F26/DW3_QM33_SDK_1/Drivers/API/Shared/dwt_uwb_driver/deca_compat.c:591:6:dwt_seteui	24	static
/Users/aidancasimir/dev/projects/UWB_firstpath_RIDE_F26/DW3_QM33_SDK_1/Drivers/API/Shared/dwt_uwb_driver/deca_compat.c:596:6:dwt_geteui	24	static
/Users/aidancasimir/dev/projects/UWB_firstpath_RIDE_F26/DW3_QM33_SDK_1/Drivers/API/Shared/dwt_uwb_driver/deca_compat.c:601:9:dwt_aon_read	32	static
/Users/aidancasimir/dev/projects/UWB_firstpath_RIDE_F26/DW3_QM33_SDK_1/Drivers/API/Shared/dwt_uwb_driver/deca_compat.c:608:6:dwt_aon_write	32	static
/Users/aidancasimir/dev/projects/UWB_firstpath_RIDE_F26/DW3_QM33_SDK_1/Drivers/API/Shared/dwt_uwb_driver/deca_compat.c:614:6:dwt_configureframefilter	32	static
/Users/aidancasimir/dev/projects/UWB_firstpath_RIDE_F26/DW3_QM33_SDK_1/Drivers/API/Shared/dwt_uwb_driver/deca_compat.c:620:9:dwt_generatecrc8	32	static
/Users/aidancasimir/dev/projects/UWB_firstpath_RIDE_F26/DW3_QM33_SDK_1/Drivers/API/Shared/dwt_uwb_driver/deca_compat.c:636:6:dwt_enablespicrccheck	32	static
/Users/aidancasimir/dev/projects/UWB_firstpath_RIDE_F26/DW3_QM33_SDK_1/Drivers/API/Shared/dwt_uwb_driver/deca_compat.c:642:6:dwt_enableautoack	32	static
/Users/aidancasimir/dev/projects/UWB_firstpath_RIDE_F26/DW3_QM33_SDK_1/Drivers/API/Shared/dwt_uwb_driver/deca_compat.c:648:6:dwt_setrxaftertxdelay	24	static
/Users/aidancasimir/dev/projects/UWB_firstpath_RIDE_F26/DW3_QM33_SDK_1/Drivers/API/Shared/dwt_uwb_driver/deca_compat.c:653:6:dwt_softreset	24	static
/Users/aidancasimir/dev/projects/UWB_firstpath_RIDE_F26/DW3_QM33_SDK_1/Drivers/API/Shared/dwt_uwb_driver/deca_compat.c:658:6:dwt_readrxdata	24	static
/Users/aidancasimir/dev/projects/UWB_firstpath_RIDE_F26/DW3_QM33_SDK_1/Drivers/API/Shared/dwt_uwb_driver/deca_compat.c:663:6:dwt_write_scratch_data	32	static
/Users/aidancasimir/dev/projects/UWB_firstpath_RIDE_F26/DW3_QM33_SDK_1/Drivers/API/Shared/dwt_uwb_driver/deca_compat.c:670:6:dwt_read_scratch_data	32	static
/Users/aidancasimir/dev/projects/UWB_firstpath_RIDE_F26/DW3_QM33_SDK_1/Drivers/API/Shared/dwt_uwb_driver/deca_compat.c:677:6:dwt_readaccdata	24	static
/Users/aidancasimir/dev/projects/UWB_firstpath_RIDE_F26/DW3_QM33_SDK_1/Drivers/API/Shared/dwt_uwb_driver/deca_compat.c:682:5:dwt_readcir	40	static
/Users/aidancasimir/dev/projects/UWB_firstpath_RIDE_F26/DW3_QM33_SDK_1/Drivers/API/Shared/dwt_uwb_driver/deca_compat.c:688:5:dwt_readcir_48b	40	static
/Users/aidancasimir/dev/projects/UWB_firstpath_RIDE_F26/DW3_QM33_SDK_1/Drivers/API/Shared/dwt_uwb_driver/deca_compat.c:693:9:dwt_readclockoffset	24	static
/Users/aidancasimir/dev/projects/UWB_firstpath_RIDE_F26/DW3_QM33_SDK_1/Drivers/API/Shared/dwt_uwb_driver/deca_compat.c:700:9:dwt_readcarrierintegrator	24	static
/Users/aidancasimir/dev/projects/UWB_firstpath_RIDE_F26/DW3_QM33_SDK_1/Drivers/API/Shared/dwt_uwb_driver/deca_compat.c:707:6:dwt_configciadiag	24	static
/Users/aidancasimir/dev/projects/UWB_firstpath_RIDE_F26/DW3_QM33_SDK_1/Drivers/API/Shared/dwt_uwb_driver/deca_compat.c:712:9:dwt_readstsquality	24	static
/Users/aidancasimir/dev/projects/UWB_firstpath_RIDE_F26/DW3_QM33_SDK_1/Drivers/API/Shared/dwt_uwb_driver/deca_compat.c:718:9:dwt_readstsstatus	24	static
/Users/aidancasimir/dev/projects/UWB_firstpath_RIDE_F26/DW3_QM33_SDK_1/Drivers/API/Shared/dwt_uwb_driver/deca_compat.c:723:6:dwt_readdiagnostics	24	static
/Users/aidancasimir/dev/projects/UWB_firstpath_RIDE_F26/DW3_QM33_SDK_1/Drivers/API/Shared/dwt_uwb_driver/deca_compat.c:728:6:dwt_configeventcounters	24	static
/Users/aidancasimir/dev/projects/UWB_firstpath_RIDE_F26/DW3_QM33_SDK_1/Drivers/API/Shared/dwt_uwb_driver/deca_compat.c:733:6:dwt_readeventcounters	24	static
/Users/aidancasimir/dev/projects/UWB_firstpath_RIDE_F26/DW3_QM33_SDK_1/Drivers/API/Shared/dwt_uwb_driver/deca_compat.c:738:6:dwt_otpread	40	static
/Users/aidancasimir/dev/projects/UWB_firstpath_RIDE_F26/DW3_QM33_SDK_1/Drivers/API/Shared/dwt_uwb_driver/deca_compat.c:744:9:dwt_otpwriteandverify	32	static
/Users/aidancasimir/dev/projects/UWB_firstpath_RIDE_F26/DW3_QM33_SDK_1/Drivers/API/Shared/dwt_uwb_driver/deca_compat.c:750:9:dwt_otpwrite	32	static
/Users/aidancasimir/dev/projects/UWB_firstpath_RIDE_F26/DW3_QM33_SDK_1/Drivers/API/Shared/dwt_uwb_driver/deca_compat.c:756:6:dwt_setleds	24	static
/Users/aidancasimir/dev/projects/UWB_firstpath_RIDE_F26/DW3_QM33_SDK_1/Drivers/API/Shared/dwt_uwb_driver/deca_compat.c:761:6:dwt_setxtaltrim	24	static
/Users/aidancasimir/dev/projects/UWB_firstpath_RIDE_F26/DW3_QM33_SDK_1/Drivers/API/Shared/dwt_uwb_driver/deca_compat.c:766:9:dwt_getxtaltrim	24	static
/Users/aidancasimir/dev/projects/UWB_firstpath_RIDE_F26/DW3_QM33_SDK_1/Drivers/API/Shared/dwt_uwb_driver/deca_compat.c:773:6:dwt_stop_repeated_frames	16	static
/Users/aidancasimir/dev/projects/UWB_firstpath_RIDE_F26/DW3_QM33_SDK_1/Drivers/API/Shared/dwt_uwb_driver/deca_compat.c:778:6:dwt_repeated_frames	24	static
/Users/aidancasimir/dev/projects/UWB_firstpath_RIDE_F26/DW3_QM33_SDK_1/Drivers/API/Shared/dwt_uwb_driver/deca_compat.c:783:6:dwt_send_test_preamble	32	static
/Users/aidancasimir/dev/projects/UWB_firstpath_RIDE_F26/DW3_QM33_SDK_1/Drivers/API/Shared/dwt_uwb_driver/deca_compat.c:789:6:dwt_repeated_cw	32	static
/Users/aidancasimir/dev/projects/UWB_firstpath_RIDE_F26/DW3_QM33_SDK_1/Drivers/API/Shared/dwt_uwb_driver/deca_compat.c:795:6:dwt_configcwmode	16	static
/Users/aidancasimir/dev/projects/UWB_firstpath_RIDE_F26/DW3_QM33_SDK_1/Drivers/API/Shared/dwt_uwb_driver/deca_compat.c:800:6:dwt_configcontinuousframemode	24	static
/Users/aidancasimir/dev/projects/UWB_firstpath_RIDE_F26/DW3_QM33_SDK_1/Drivers/API/Shared/dwt_uwb_driver/deca_compat.c:805:6:dwt_disablecontinuousframemode	16	static
/Users/aidancasimir/dev/projects/UWB_firstpath_RIDE_F26/DW3_QM33_SDK_1/Drivers/API/Shared/dwt_uwb_driver/deca_compat.c:810:6:dwt_disablecontinuouswavemode	16	static
/Users/aidancasimir/dev/projects/UWB_firstpath_RIDE_F26/DW3_QM33_SDK_1/Drivers/API/Shared/dwt_uwb_driver/deca_compat.c:815:10:dwt_readtempvbat	24	static
/Users/aidancasimir/dev/projects/UWB_firstpath_RIDE_F26/DW3_QM33_SDK_1/Drivers/API/Shared/dwt_uwb_driver/deca_compat.c:822:7:dwt_convertrawtemperature	32	static
/Users/aidancasimir/dev/projects/UWB_firstpath_RIDE_F26/DW3_QM33_SDK_1/Drivers/API/Shared/dwt_uwb_driver/deca_compat.c:829:7:dwt_convertrawvoltage	32	static
/Users/aidancasimir/dev/projects/UWB_firstpath_RIDE_F26/DW3_QM33_SDK_1/Drivers/API/Shared/dwt_uwb_driver/deca_compat.c:836:9:dwt_readwakeuptemp	24	static
/Users/aidancasimir/dev/projects/UWB_firstpath_RIDE_F26/DW3_QM33_SDK_1/Drivers/API/Shared/dwt_uwb_driver/deca_compat.c:843:9:dwt_readwakeupvbat	24	static
/Users/aidancasimir/dev/projects/UWB_firstpath_RIDE_F26/DW3_QM33_SDK_1/Drivers/API/Shared/dwt_uwb_driver/deca_compat.c:850:9:dwt_readpgdelay	24	static
/Users/aidancasimir/dev/projects/UWB_firstpath_RIDE_F26/DW3_QM33_SDK_1/Drivers/API/Shared/dwt_uwb_driver/deca_compat.c:857:9:dwt_calcbandwidthadj	32	static
/Users/aidancasimir/dev/projects/UWB_firstpath_RIDE_F26/DW3_QM33_SDK_1/Drivers/API/Shared/dwt_uwb_driver/deca_compat.c:864:10:dwt_calcpgcount	32	static
/Users/aidancasimir/dev/projects/UWB_firstpath_RIDE_F26/DW3_QM33_SDK_1/Drivers/API/Shared/dwt_uwb_driver/deca_compat.c:875:6:dwt_set_keyreg_128	24	static
/Users/aidancasimir/dev/projects/UWB_firstpath_RIDE_F26/DW3_QM33_SDK_1/Drivers/API/Shared/dwt_uwb_driver/deca_compat.c:880:6:dwt_configure_aes	24	static
/Users/aidancasimir/dev/projects/UWB_firstpath_RIDE_F26/DW3_QM33_SDK_1/Drivers/API/Shared/dwt_uwb_driver/deca_compat.c:885:16:dwt_mic_size_from_bytes	32	static
/Users/aidancasimir/dev/projects/UWB_firstpath_RIDE_F26/DW3_QM33_SDK_1/Drivers/API/Shared/dwt_uwb_driver/deca_compat.c:892:8:dwt_do_aes	40	static
/Users/aidancasimir/dev/projects/UWB_firstpath_RIDE_F26/DW3_QM33_SDK_1/Drivers/API/Shared/dwt_uwb_driver/deca_compat.c:899:9:dwt_check_dev_id	16	static
/Users/aidancasimir/dev/projects/UWB_firstpath_RIDE_F26/DW3_QM33_SDK_1/Drivers/API/Shared/dwt_uwb_driver/deca_compat.c:904:9:dwt_run_pgfcal	16	static
/Users/aidancasimir/dev/projects/UWB_firstpath_RIDE_F26/DW3_QM33_SDK_1/Drivers/API/Shared/dwt_uwb_driver/deca_compat.c:909:9:dwt_pgf_cal	24	static
/Users/aidancasimir/dev/projects/UWB_firstpath_RIDE_F26/DW3_QM33_SDK_1/Drivers/API/Shared/dwt_uwb_driver/deca_compat.c:914:10:dwt_readpllstatus	16	static
/Users/aidancasimir/dev/projects/UWB_firstpath_RIDE_F26/DW3_QM33_SDK_1/Drivers/API/Shared/dwt_uwb_driver/deca_compat.c:919:9:dwt_pll_cal	16	static
/Users/aidancasimir/dev/projects/UWB_firstpath_RIDE_F26/DW3_QM33_SDK_1/Drivers/API/Shared/dwt_uwb_driver/deca_compat.c:924:6:dwt_configure_rf_port	24	static
/Users/aidancasimir/dev/projects/UWB_firstpath_RIDE_F26/DW3_QM33_SDK_1/Drivers/API/Shared/dwt_uwb_driver/deca_compat.c:929:6:dwt_configure_le_address	32	static
/Users/aidancasimir/dev/projects/UWB_firstpath_RIDE_F26/DW3_QM33_SDK_1/Drivers/API/Shared/dwt_uwb_driver/deca_compat.c:935:6:dwt_configuresfdtype	24	static
/Users/aidancasimir/dev/projects/UWB_firstpath_RIDE_F26/DW3_QM33_SDK_1/Drivers/API/Shared/dwt_uwb_driver/deca_compat.c:940:6:dwt_settxcode	24	static
/Users/aidancasimir/dev/projects/UWB_firstpath_RIDE_F26/DW3_QM33_SDK_1/Drivers/API/Shared/dwt_uwb_driver/deca_compat.c:945:6:dwt_setrxcode	24	static
/Users/aidancasimir/dev/projects/UWB_firstpath_RIDE_F26/DW3_QM33_SDK_1/Drivers/API/Shared/dwt_uwb_driver/deca_compat.c:950:10:dwt_read_reg	32	static
/Users/aidancasimir/dev/projects/UWB_firstpath_RIDE_F26/DW3_QM33_SDK_1/Drivers/API/Shared/dwt_uwb_driver/deca_compat.c:957:6:dwt_write_reg	24	static
/Users/aidancasimir/dev/projects/UWB_firstpath_RIDE_F26/DW3_QM33_SDK_1/Drivers/API/Shared/dwt_uwb_driver/deca_compat.c:962:6:dwt_writesysstatuslo	24	static
/Users/aidancasimir/dev/projects/UWB_firstpath_RIDE_F26/DW3_QM33_SDK_1/Drivers/API/Shared/dwt_uwb_driver/deca_compat.c:967:6:dwt_writesysstatushi	24	static
/Users/aidancasimir/dev/projects/UWB_firstpath_RIDE_F26/DW3_QM33_SDK_1/Drivers/API/Shared/dwt_uwb_driver/deca_compat.c:972:10:dwt_readsysstatuslo	24	static
/Users/aidancasimir/dev/projects/UWB_firstpath_RIDE_F26/DW3_QM33_SDK_1/Drivers/API/Shared/dwt_uwb_driver/deca_compat.c:979:10:dwt_readsysstatushi	24	static
/Users/aidancasimir/dev/projects/UWB_firstpath_RIDE_F26/DW3_QM33_SDK_1/Drivers/API/Shared/dwt_uwb_driver/deca_compat.c:986:6:dwt_writerdbstatus	24	static
/Users/aidancasimir/dev/projects/UWB_firstpath_RIDE_F26/DW3_QM33_SDK_1/Drivers/API/Shared/dwt_uwb_driver/deca_compat.c:991:9:dwt_readrdbstatus	24	static
/Users/aidancasimir/dev/projects/UWB_firstpath_RIDE_F26/DW3_QM33_SDK_1/Drivers/API/Shared/dwt_uwb_driver/deca_compat.c:998:10:dwt_getframelength	32	static
/Users/aidancasimir/dev/projects/UWB_firstpath_RIDE_F26/DW3_QM33_SDK_1/Drivers/API/Shared/dwt_uwb_driver/deca_compat.c:1006:10:dwt_readpdoaoffset	24	static
/Users/aidancasimir/dev/projects/UWB_firstpath_RIDE_F26/DW3_QM33_SDK_1/Drivers/API/Shared/dwt_uwb_driver/deca_compat.c:1013:6:dwt_setpdoaoffset	24	static
/Users/aidancasimir/dev/projects/UWB_firstpath_RIDE_F26/DW3_QM33_SDK_1/Drivers/API/Shared/dwt_uwb_driver/deca_compat.c:1018:6:dwt_setinterrupt_db	32	static
/Users/aidancasimir/dev/projects/UWB_firstpath_RIDE_F26/DW3_QM33_SDK_1/Drivers/API/Shared/dwt_uwb_driver/deca_compat.c:1024:6:dwt_ds_sema_request	16	static
/Users/aidancasimir/dev/projects/UWB_firstpath_RIDE_F26/DW3_QM33_SDK_1/Drivers/API/Shared/dwt_uwb_driver/deca_compat.c:1029:6:dwt_ds_sema_release	16	static
/Users/aidancasimir/dev/projects/UWB_firstpath_RIDE_F26/DW3_QM33_SDK_1/Drivers/API/Shared/dwt_uwb_driver/deca_compat.c:1034:6:dwt_ds_sema_force	16	static
/Users/aidancasimir/dev/projects/UWB_firstpath_RIDE_F26/DW3_QM33_SDK_1/Drivers/API/Shared/dwt_uwb_driver/deca_compat.c:1039:9:dwt_ds_sema_status	24	static
/Users/aidancasimir/dev/projects/UWB_firstpath_RIDE_F26/DW3_QM33_SDK_1/Drivers/API/Shared/dwt_uwb_driver/deca_compat.c:1046:9:dwt_ds_sema_status_hi	24	static
/Users/aidancasimir/dev/projects/UWB_firstpath_RIDE_F26/DW3_QM33_SDK_1/Drivers/API/Shared/dwt_uwb_driver/deca_compat.c:1053:6:dwt_ds_en_sleep	24	static
/Users/aidancasimir/dev/projects/UWB_firstpath_RIDE_F26/DW3_QM33_SDK_1/Drivers/API/Shared/dwt_uwb_driver/deca_compat.c:1058:9:dwt_ds_setinterrupt_SPIxavailable	24	static
/Users/aidancasimir/dev/projects/UWB_firstpath_RIDE_F26/DW3_QM33_SDK_1/Drivers/API/Shared/dwt_uwb_driver/deca_compat.c:1063:6:dwt_enable_disable_eq	24	static
/Users/aidancasimir/dev/projects/UWB_firstpath_RIDE_F26/DW3_QM33_SDK_1/Drivers/API/Shared/dwt_uwb_driver/deca_compat.c:1068:6:dwt_timers_reset	16	static
/Users/aidancasimir/dev/projects/UWB_firstpath_RIDE_F26/DW3_QM33_SDK_1/Drivers/API/Shared/dwt_uwb_driver/deca_compat.c:1073:10:dwt_timers_read_and_clear_events	24	static
/Users/aidancasimir/dev/projects/UWB_firstpath_RIDE_F26/DW3_QM33_SDK_1/Drivers/API/Shared/dwt_uwb_driver/deca_compat.c:1080:6:dwt_configure_timer	24	static
/Users/aidancasimir/dev/projects/UWB_firstpath_RIDE_F26/DW3_QM33_SDK_1/Drivers/API/Shared/dwt_uwb_driver/deca_compat.c:1085:6:dwt_configure_wificoex_gpio	32	static
/Users/aidancasimir/dev/projects/UWB_firstpath_RIDE_F26/DW3_QM33_SDK_1/Drivers/API/Shared/dwt_uwb_driver/deca_compat.c:1091:6:dwt_configure_and_set_antenna_selection_gpio	24	static
/Users/aidancasimir/dev/projects/UWB_firstpath_RIDE_F26/DW3_QM33_SDK_1/Drivers/API/Shared/dwt_uwb_driver/deca_compat.c:1096:6:dwt_set_timer_expiration	32	static
/Users/aidancasimir/dev/projects/UWB_firstpath_RIDE_F26/DW3_QM33_SDK_1/Drivers/API/Shared/dwt_uwb_driver/deca_compat.c:1102:6:dwt_timer_enable	24	static
/Users/aidancasimir/dev/projects/UWB_firstpath_RIDE_F26/DW3_QM33_SDK_1/Drivers/API/Shared/dwt_uwb_driver/deca_compat.c:1107:6:dwt_wifi_coex_set	32	static
/Users/aidancasimir/dev/projects/UWB_firstpath_RIDE_F26/DW3_QM33_SDK_1/Drivers/API/Shared/dwt_uwb_driver/deca_compat.c:1113:6:dwt_reset_system_counter	16	static
/Users/aidancasimir/dev/projects/UWB_firstpath_RIDE_F26/DW3_QM33_SDK_1/Drivers/API/Shared/dwt_uwb_driver/deca_compat.c:1118:6:dwt_config_ostr_mode	32	static
/Users/aidancasimir/dev/projects/UWB_firstpath_RIDE_F26/DW3_QM33_SDK_1/Drivers/API/Shared/dwt_uwb_driver/deca_compat.c:1124:6:dwt_set_fixedsts	24	static
/Users/aidancasimir/dev/projects/UWB_firstpath_RIDE_F26/DW3_QM33_SDK_1/Drivers/API/Shared/dwt_uwb_driver/deca_compat.c:1129:10:dwt_readctrdbg	24	static
/Users/aidancasimir/dev/projects/UWB_firstpath_RIDE_F26/DW3_QM33_SDK_1/Drivers/API/Shared/dwt_uwb_driver/deca_compat.c:1136:10:dwt_readdgcdbg	24	static
/Users/aidancasimir/dev/projects/UWB_firstpath_RIDE_F26/DW3_QM33_SDK_1/Drivers/API/Shared/dwt_uwb_driver/deca_compat.c:1143:10:dwt_readCIAversion	24	static
/Users/aidancasimir/dev/projects/UWB_firstpath_RIDE_F26/DW3_QM33_SDK_1/Drivers/API/Shared/dwt_uwb_driver/deca_compat.c:1150:10:dwt_getcirregaddress	24	static
/Users/aidancasimir/dev/projects/UWB_firstpath_RIDE_F26/DW3_QM33_SDK_1/Drivers/API/Shared/dwt_uwb_driver/deca_compat.c:1157:22:dwt_get_reg_names	16	static
/Users/aidancasimir/dev/projects/UWB_firstpath_RIDE_F26/DW3_QM33_SDK_1/Drivers/API/Shared/dwt_uwb_driver/deca_compat.c:1162:6:dwt_set_alternative_pulse_shape	24	static
/Users/aidancasimir/dev/projects/UWB_firstpath_RIDE_F26/DW3_QM33_SDK_1/Drivers/API/Shared/dwt_uwb_driver/deca_compat.c:1167:5:dwt_nlos_alldiag	24	static
/Users/aidancasimir/dev/projects/UWB_firstpath_RIDE_F26/DW3_QM33_SDK_1/Drivers/API/Shared/dwt_uwb_driver/deca_compat.c:1172:6:dwt_nlos_ipdiag	24	static
/Users/aidancasimir/dev/projects/UWB_firstpath_RIDE_F26/DW3_QM33_SDK_1/Drivers/API/Shared/dwt_uwb_driver/deca_compat.c:1177:9:dwt_adjust_tx_power	56	static
/Users/aidancasimir/dev/projects/UWB_firstpath_RIDE_F26/DW3_QM33_SDK_1/Drivers/API/Shared/dwt_uwb_driver/deca_compat.c:1186:9:dwt_calculate_linear_tx_power	48	static
/Users/aidancasimir/dev/projects/UWB_firstpath_RIDE_F26/DW3_QM33_SDK_1/Drivers/API/Shared/dwt_uwb_driver/deca_compat.c:1195:5:dwt_convert_tx_power_to_index	56	static
/Users/aidancasimir/dev/projects/UWB_firstpath_RIDE_F26/DW3_QM33_SDK_1/Drivers/API/Shared/dwt_uwb_driver/deca_compat.c:1206:6:dwt_setpllbiastrim	24	static
/Users/aidancasimir/dev/projects/UWB_firstpath_RIDE_F26/DW3_QM33_SDK_1/Drivers/API/Shared/dwt_uwb_driver/deca_compat.c:1211:9:dwt_setchannel	16	static
/Users/aidancasimir/dev/projects/UWB_firstpath_RIDE_F26/DW3_QM33_SDK_1/Drivers/API/Shared/dwt_uwb_driver/deca_compat.c:1216:6:dwt_setstslength	24	static
/Users/aidancasimir/dev/projects/UWB_firstpath_RIDE_F26/DW3_QM33_SDK_1/Drivers/API/Shared/dwt_uwb_driver/deca_compat.c:1221:9:dwt_setphr	32	static
/Users/aidancasimir/dev/projects/UWB_firstpath_RIDE_F26/DW3_QM33_SDK_1/Drivers/API/Shared/dwt_uwb_driver/deca_compat.c:1229:9:dwt_setdatarate	24	static
/Users/aidancasimir/dev/projects/UWB_firstpath_RIDE_F26/DW3_QM33_SDK_1/Drivers/API/Shared/dwt_uwb_driver/deca_compat.c:1236:9:dwt_setrxpac	24	static
/Users/aidancasimir/dev/projects/UWB_firstpath_RIDE_F26/DW3_QM33_SDK_1/Drivers/API/Shared/dwt_uwb_driver/deca_compat.c:1243:9:dwt_setsfdtimeout	24	static
/Users/aidancasimir/dev/projects/UWB_firstpath_RIDE_F26/DW3_QM33_SDK_1/Drivers/API/Shared/dwt_uwb_driver/deca_compat.c:1250:6:dwt_disable_OTP_IPS	24	static
/Users/aidancasimir/dev/projects/UWB_firstpath_RIDE_F26/DW3_QM33_SDK_1/Drivers/API/Shared/dwt_uwb_driver/deca_compat.c:1255:9:dwt_pll_chx_auto_cal	40	static
/Users/aidancasimir/dev/projects/UWB_firstpath_RIDE_F26/DW3_QM33_SDK_1/Drivers/API/Shared/dwt_uwb_driver/deca_compat.c:1261:9:dwt_xtal_temperature_compensation	32	static
/Users/aidancasimir/dev/projects/UWB_firstpath_RIDE_F26/DW3_QM33_SDK_1/Drivers/API/Shared/dwt_uwb_driver/deca_compat.c:1267:6:dwt_capture_adc_samples	24	static
/Users/aidancasimir/dev/projects/UWB_firstpath_RIDE_F26/DW3_QM33_SDK_1/Drivers/API/Shared/dwt_uwb_driver/deca_compat.c:1272:6:dwt_read_adc_samples	24	static
/Users/aidancasimir/dev/projects/UWB_firstpath_RIDE_F26/DW3_QM33_SDK_1/Drivers/API/Shared/dwt_uwb_driver/deca_compat.c:1277:6:dwt_configtxrxfcs	24	static
/Users/aidancasimir/dev/projects/UWB_firstpath_RIDE_F26/DW3_QM33_SDK_1/Drivers/API/Shared/dwt_uwb_driver/deca_compat.c:1282:5:dwt_calculate_rssi	48	static
/Users/aidancasimir/dev/projects/UWB_firstpath_RIDE_F26/DW3_QM33_SDK_1/Drivers/API/Shared/dwt_uwb_driver/deca_compat.c:1288:5:dwt_calculate_first_path_power	48	static
/Users/aidancasimir/dev/projects/UWB_firstpath_RIDE_F26/DW3_QM33_SDK_1/Drivers/API/Shared/dwt_uwb_driver/deca_compat.c:1294:5:dwt_readdiagnostics_acc	32	static
/Users/aidancasimir/dev/projects/UWB_firstpath_RIDE_F26/DW3_QM33_SDK_1/Drivers/API/Shared/dwt_uwb_driver/deca_compat.c:1300:5:dwt_setpdoamode	24	static
/Users/aidancasimir/dev/projects/UWB_firstpath_RIDE_F26/DW3_QM33_SDK_1/Drivers/API/Shared/dwt_uwb_driver/deca_compat.c:1305:6:dwt_configureisr	24	static
/Users/aidancasimir/dev/projects/UWB_firstpath_RIDE_F26/DW3_QM33_SDK_1/Drivers/API/Shared/dwt_uwb_driver/deca_compat.c:1314:6:dwt_wakeup_ic	16	static
/Users/aidancasimir/dev/projects/UWB_firstpath_RIDE_F26/DW3_QM33_SDK_1/Drivers/API/Shared/dwt_uwb_driver/deca_compat.c:1332:6:dwt_writetodevice	40	static
/Users/aidancasimir/dev/projects/UWB_firstpath_RIDE_F26/DW3_QM33_SDK_1/Drivers/API/Shared/dwt_uwb_driver/deca_compat.c:1337:6:dwt_readfromdevice	40	static
