/Users/aidancasimir/dev/projects/UWB_firstpath_RIDE_F26/DW3_QM33_SDK_1/Drivers/API/Shared/dwt_uwb_driver/deca_interface.c:27:23:coex_gpio	48	static
/Users/aidancasimir/dev/projects/UWB_firstpath_RIDE_F26/DW3_QM33_SDK_1/Drivers/API/Shared/dwt_uwb_driver/deca_interface.c:61:23:coex_start	104	static
/Users/aidancasimir/dev/projects/UWB_firstpath_RIDE_F26/DW3_QM33_SDK_1/Drivers/API/Shared/dwt_uwb_driver/deca_interface.c:113:23:coex_stop	24	static
/Users/aidancasimir/dev/projects/UWB_firstpath_RIDE_F26/DW3_QM33_SDK_1/Drivers/API/Shared/dwt_uwb_driver/deca_interface.c:127:9:interface_tx_frame	56	static
/Users/aidancasimir/dev/projects/UWB_firstpath_RIDE_F26/DW3_QM33_SDK_1/Drivers/API/Shared/dwt_uwb_driver/deca_interface.c:157:10:interface_get_timestamp	40	static
/Users/aidancasimir/dev/projects/UWB_firstpath_RIDE_F26/DW3_QM33_SDK_1/Drivers/API/Shared/dwt_uwb_driver/deca_interface.c:165:9:interface_rx_disable	32	static
/Users/aidancasimir/dev/projects/UWB_firstpath_RIDE_F26/DW3_QM33_SDK_1/Drivers/API/Shared/dwt_uwb_driver/deca_interface.c:171:9:interface_rx_enable	48	static
/Users/aidancasimir/dev/projects/UWB_firstpath_RIDE_F26/DW3_QM33_SDK_1/Drivers/API/Shared/dwt_uwb_driver/deca_interface.c:216:6:interface_read_rx_frame	40	static
